08:39:26 **** Incremental Build of configuration Debug for project Wireless Sensors ****
make -j8 all 
arm-none-eabi-gcc "../Core/Src/main.c" -mcpu=cortex-m3 -std=gnu11 -g3 -DDEBUG -DUSE_HAL_DRIVER -DSTM32L151xB -c -I../Core/Inc -I../Drivers/STM32L1xx_HAL_Driver/Inc -I../Drivers/STM32L1xx_HAL_Driver/Inc/Legacy -I../Drivers/CMSIS/Device/ST/STM32L1xx/Include -I../Drivers/CMSIS/Include -O0 -ffunction-sections -fdata-sections -Wall -fstack-usage -fcyclomatic-complexity -MMD -MP -MF"Core/Src/main.d" -MT"Core/Src/main.o" --specs=nano.specs -mfloat-abi=soft -mthumb -o "Core/Src/main.o"
arm-none-eabi-gcc -o "Wireless Sensors.elf" @"objects.list"   -mcpu=cortex-m3 -T"D:\My Home Directory\Documents\Projects\Wireless Sensors\WirelessSensors\Software\CubeIDE\Wireless Sensors\STM32L151C8TX_FLASH.ld" --specs=nosys.specs -Wl,-Map="Wireless Sensors.map" -Wl,--gc-sections -static --specs=nano.specs -mfloat-abi=soft -mthumb -Wl,--start-group -lc -lm -Wl,--end-group
Finished building target: Wireless Sensors.elf
 
arm-none-eabi-size   Wireless\ Sensors.elf 
arm-none-eabi-objdump -h -S  Wireless\ Sensors.elf  > "Wireless Sensors.list"
   text	   data	    bss	    dec	    hex	filename
   8644	     20	   2492	  11156	   2b94	Wireless Sensors.elf
Finished building: default.size.stdout
 
Finished building: Wireless Sensors.list
 
08:39:52 **** Incremental Build of configuration Debug for project Wireless Sensors ****
make -j8 all 
arm-none-eabi-size   Wireless\ Sensors.elf 
   text	   data	    bss	    dec	    hex	filename
   8644	     20	   2492	  11156	   2b94	Wireless Sensors.elf
Finished building: default.size.stdout
 
08:40:10 **** Incremental Build of configuration Debug for project Wireless Sensors ****
make -j8 all 
arm-none-eabi-size   Wireless\ Sensors.elf 
   text	   data	    bss	    dec	    hex	filename
   8644	     20	   2492	  11156	   2b94	Wireless Sensors.elf
Finished building: default.size.stdout
 
