11:29:27 **** Incremental Build of configuration Debug for project Debugging combined board ****
make -j8 all 
arm-none-eabi-gcc "../Core/Src/main.c" -mcpu=cortex-m4 -std=gnu11 -g3 -DDEBUG -DCORE_CM4 -DUSE_HAL_DRIVER -DSTM32WLE5xx -c -I../Core/Inc -I../Drivers/STM32WLxx_HAL_Driver/Inc -I../Drivers/STM32WLxx_HAL_Driver/Inc/Legacy -I../Drivers/CMSIS/Device/ST/STM32WLxx/Include -I../Drivers/CMSIS/Include -I"D:/My Home Directory/Documents/Projects/Wireless Sensors/WirelessSensors/Software/CubeIDE/Debugging combined board/Drivers/SX1262/Inc" -O0 -ffunction-sections -fdata-sections -Wall -fstack-usage -fcyclomatic-complexity -MMD -MP -MF"Core/Src/main.d" -MT"Core/Src/main.o" --specs=nano.specs -mfloat-abi=soft -mthumb -o "Core/Src/main.o"
arm-none-eabi-gcc -o "Debugging combined board.elf" @"objects.list"   -mcpu=cortex-m4 -T"D:\My Home Directory\Documents\Projects\Wireless Sensors\WirelessSensors\Software\CubeIDE\Debugging combined board\STM32WLE5CBUX_FLASH.ld" --specs=nosys.specs -Wl,-Map="Debugging combined board.map" -Wl,--gc-sections -static --specs=nano.specs -mfloat-abi=soft -mthumb -Wl,--start-group -lc -lm -Wl,--end-group
Finished building target: Debugging combined board.elf
 
arm-none-eabi-size   Debugging\ combined\ board.elf 
arm-none-eabi-objdump -h -S  Debugging\ combined\ board.elf  > "Debugging combined board.list"
   text	   data	    bss	    dec	    hex	filename
  10464	     20	   1668	  12152	   2f78	Debugging combined board.elf
Finished building: default.size.stdout
 
Finished building: Debugging combined board.list
 
11:29:37 **** Incremental Build of configuration Debug for project Debugging combined board ****
make -j8 all 
arm-none-eabi-size   Debugging\ combined\ board.elf 
   text	   data	    bss	    dec	    hex	filename
  10464	     20	   1668	  12152	   2f78	Debugging combined board.elf
Finished building: default.size.stdout
 
11:34:53 **** Incremental Build of configuration Debug for project Debugging combined board ****
make -j8 all 
arm-none-eabi-size   Debugging\ combined\ board.elf 
   text	   data	    bss	    dec	    hex	filename
  10464	     20	   1668	  12152	   2f78	Debugging combined board.elf
Finished building: default.size.stdout
 
